


PS C:\Users\VICTUS\Desktop\web proyectos\examen2> git init
Initialized empty Git repository in C:/Users/VICTUS/Desktop/web proyectos/examen2/.git/

PS C:\Users\VICTUS\Desktop\web proyectos\examen2> git status
On branch master

No commits yet

Untracked files:
  (use "git add <file>..." to include in what will be committed)
        index.html
        script.js
        styles.css

nothing added to commit but untracked files present (use "git add" to track)
PS C:\Users\VICTUS\Desktop\web proyectos\examen2> git add .
PS C:\Users\VICTUS\Desktop\web proyectos\examen2> git commit -m "examen parcial 2"
Author identity unknown

*** Please tell me who you are.

Run

Omit --global to set the identity only in this repository.

fatal: unable to auto-detect email address (got 'VICTUS@Laptop-Victus.(none)')
PS C:\Users\VICTUS\Desktop\web proyectos\examen2> git config --global user .email jpolbolivia@gmail.com
error: key does not contain a section: user
PS C:\Users\VICTUS\Desktop\web proyectos\examen2> git config --global user .email "jpolbolivia@gmail.com"
error: key does not contain a section: user
PS C:\Users\VICTUS\Desktop\web proyectos\examen2> git config --global user.email "jpolbolivia@gmail.com"
PS C:\Users\VICTUS\Desktop\web proyectos\examen2> git config --global user.name jpol1982
PS C:\Users\VICTUS\Desktop\web proyectos\examen2> git commit -m "examen parcial 2"                       
[master (root-commit) 39b5c66] examen parcial 2
 3 files changed, 695 insertions(+)
 create mode 100644 index.html
 create mode 100644 script.js
 create mode 100644 styles.css
PS C:\Users\VICTUS\Desktop\web proyectos\examen2> git branch -M main
PS C:\Users\VICTUS\Desktop\web proyectos\examen2> git remote add origin https://github.com/jpol1982/flexbox.git
PS C:\Users\VICTUS\Desktop\web proyectos\examen2> git push -u origin main
info: please complete authentication in your browser...
Enumerating objects: 5, done.
Counting objects: 100% (5/5), done.
Delta compression using up to 12 threads
Compressing objects: 100% (5/5), done.
Writing objects: 100% (5/5), 4.82 KiB | 4.82 MiB/s, done.
Total 5 (delta 0), reused 0 (delta 0), pack-reused 0
To https://github.com/jpol1982/flexbox.git
 * [new branch]      main -> main
branch 'main' set up to track 'origin/main'.




cargar
git init
git status
git add .
git commit -m "---comentario----"
git push origin main -f

git config --global user.email "jpolbolivia@gmail.com"
git config --global user.name jpol1982

git commit -m "---comentario----"
git branch -M main
git remote add origin https://github.com/jpol1982/flexbox.git
git push -u origin main


git remote add origin https://github.com/jpol1982/frontend.git


para subir  
git status
git add .
git commit -m "---comentario----"
git push -u origin main











